Archive member included because of file (symbol)

c:/siliconlabs/simplicitystudio/v4/developer/toolchains/gnu_arm/4.9_2015q3/bin/../lib/gcc/arm-none-eabi/4.9.3/armv7e-m/softfp\libgcc.a(_aeabi_uldivmod.o)
                              ./emlib/src/em_usart.o (__aeabi_uldivmod)
c:/siliconlabs/simplicitystudio/v4/developer/toolchains/gnu_arm/4.9_2015q3/bin/../lib/gcc/arm-none-eabi/4.9.3/armv7e-m/softfp\libgcc.a(bpabi.o)
                              c:/siliconlabs/simplicitystudio/v4/developer/toolchains/gnu_arm/4.9_2015q3/bin/../lib/gcc/arm-none-eabi/4.9.3/armv7e-m/softfp\libgcc.a(_aeabi_uldivmod.o) (__gnu_uldivmod_helper)
c:/siliconlabs/simplicitystudio/v4/developer/toolchains/gnu_arm/4.9_2015q3/bin/../lib/gcc/arm-none-eabi/4.9.3/armv7e-m/softfp\libgcc.a(_dvmd_tls.o)
                              c:/siliconlabs/simplicitystudio/v4/developer/toolchains/gnu_arm/4.9_2015q3/bin/../lib/gcc/arm-none-eabi/4.9.3/armv7e-m/softfp\libgcc.a(_aeabi_uldivmod.o) (__aeabi_ldiv0)
c:/siliconlabs/simplicitystudio/v4/developer/toolchains/gnu_arm/4.9_2015q3/bin/../lib/gcc/arm-none-eabi/4.9.3/armv7e-m/softfp\libgcc.a(_divdi3.o)
                              c:/siliconlabs/simplicitystudio/v4/developer/toolchains/gnu_arm/4.9_2015q3/bin/../lib/gcc/arm-none-eabi/4.9.3/armv7e-m/softfp\libgcc.a(bpabi.o) (__divdi3)
c:/siliconlabs/simplicitystudio/v4/developer/toolchains/gnu_arm/4.9_2015q3/bin/../lib/gcc/arm-none-eabi/4.9.3/armv7e-m/softfp\libgcc.a(_udivdi3.o)
                              c:/siliconlabs/simplicitystudio/v4/developer/toolchains/gnu_arm/4.9_2015q3/bin/../lib/gcc/arm-none-eabi/4.9.3/armv7e-m/softfp\libgcc.a(bpabi.o) (__udivdi3)
c:/siliconlabs/simplicitystudio/v4/developer/toolchains/gnu_arm/4.9_2015q3/bin/../lib/gcc/arm-none-eabi/4.9.3/../../../../arm-none-eabi/lib/armv7e-m/softfp\libc_nano.a(lib_a-exit.o)
                              c:/siliconlabs/simplicitystudio/v4/developer/toolchains/gnu_arm/4.9_2015q3/bin/../lib/gcc/arm-none-eabi/4.9.3/../../../../arm-none-eabi/lib/armv7e-m/softfp/crt0.o (exit)
c:/siliconlabs/simplicitystudio/v4/developer/toolchains/gnu_arm/4.9_2015q3/bin/../lib/gcc/arm-none-eabi/4.9.3/../../../../arm-none-eabi/lib/armv7e-m/softfp\libc_nano.a(lib_a-impure.o)
                              c:/siliconlabs/simplicitystudio/v4/developer/toolchains/gnu_arm/4.9_2015q3/bin/../lib/gcc/arm-none-eabi/4.9.3/../../../../arm-none-eabi/lib/armv7e-m/softfp\libc_nano.a(lib_a-exit.o) (_global_impure_ptr)
c:/siliconlabs/simplicitystudio/v4/developer/toolchains/gnu_arm/4.9_2015q3/bin/../lib/gcc/arm-none-eabi/4.9.3/../../../../arm-none-eabi/lib/armv7e-m/softfp\libc_nano.a(lib_a-init.o)
                              c:/siliconlabs/simplicitystudio/v4/developer/toolchains/gnu_arm/4.9_2015q3/bin/../lib/gcc/arm-none-eabi/4.9.3/../../../../arm-none-eabi/lib/armv7e-m/softfp/crt0.o (__libc_init_array)
c:/siliconlabs/simplicitystudio/v4/developer/toolchains/gnu_arm/4.9_2015q3/bin/../lib/gcc/arm-none-eabi/4.9.3/../../../../arm-none-eabi/lib/armv7e-m/softfp\libc_nano.a(lib_a-memset.o)
                              c:/siliconlabs/simplicitystudio/v4/developer/toolchains/gnu_arm/4.9_2015q3/bin/../lib/gcc/arm-none-eabi/4.9.3/../../../../arm-none-eabi/lib/armv7e-m/softfp/crt0.o (memset)
c:/siliconlabs/simplicitystudio/v4/developer/toolchains/gnu_arm/4.9_2015q3/bin/../lib/gcc/arm-none-eabi/4.9.3/../../../../arm-none-eabi/lib/armv7e-m/softfp\libc_nano.a(lib_a-strlen.o)
                              ./drivers/rs232.o (strlen)
c:/siliconlabs/simplicitystudio/v4/developer/toolchains/gnu_arm/4.9_2015q3/bin/../lib/gcc/arm-none-eabi/4.9.3/../../../../arm-none-eabi/lib/armv7e-m/softfp\libnosys.a(_exit.o)
                              c:/siliconlabs/simplicitystudio/v4/developer/toolchains/gnu_arm/4.9_2015q3/bin/../lib/gcc/arm-none-eabi/4.9.3/../../../../arm-none-eabi/lib/armv7e-m/softfp\libc_nano.a(lib_a-exit.o) (_exit)

Allocating common symbols
Common symbol       size              file

lcd_buf             0x20              ./src/main.o
rs232_buf           0x80              ./drivers/dht22.o
dht_data            0x5               ./src/main.o

Discarded input sections

 .text          0x00000000        0x0 c:/siliconlabs/simplicitystudio/v4/developer/toolchains/gnu_arm/4.9_2015q3/bin/../lib/gcc/arm-none-eabi/4.9.3/armv7e-m/softfp/crti.o
 .data          0x00000000        0x0 c:/siliconlabs/simplicitystudio/v4/developer/toolchains/gnu_arm/4.9_2015q3/bin/../lib/gcc/arm-none-eabi/4.9.3/armv7e-m/softfp/crti.o
 .bss           0x00000000        0x0 c:/siliconlabs/simplicitystudio/v4/developer/toolchains/gnu_arm/4.9_2015q3/bin/../lib/gcc/arm-none-eabi/4.9.3/armv7e-m/softfp/crti.o
 .data          0x00000000        0x4 c:/siliconlabs/simplicitystudio/v4/developer/toolchains/gnu_arm/4.9_2015q3/bin/../lib/gcc/arm-none-eabi/4.9.3/armv7e-m/softfp/crtbegin.o
[...]
Memory Configuration

Name             Origin             Length             Attributes
FLASH            0x00000000         0x00040000         xr
RAM              0x20000000         0x00008000         xrw
*default*        0x00000000         0xffffffff

Linker script and memory map

LOAD c:/siliconlabs/simplicitystudio/v4/developer/toolchains/gnu_arm/4.9_2015q3/bin/../lib/gcc/arm-none-eabi/4.9.3/armv7e-m/softfp/crti.o
LOAD c:/siliconlabs/simplicitystudio/v4/developer/toolchains/gnu_arm/4.9_2015q3/bin/../lib/gcc/arm-none-eabi/4.9.3/armv7e-m/softfp/crtbegin.o
LOAD c:/siliconlabs/simplicitystudio/v4/developer/toolchains/gnu_arm/4.9_2015q3/bin/../lib/gcc/arm-none-eabi/4.9.3/../../../../arm-none-eabi/lib/armv7e-m/softfp/crt0.o
LOAD ./CMSIS/EFM32WG/startup_efm32wg.o
LOAD ./CMSIS/EFM32WG/system_efm32wg.o
LOAD ./drivers/delay.o
LOAD ./drivers/dht22.o
LOAD ./drivers/fifo_rs232.o
LOAD ./drivers/gpio.o
LOAD ./drivers/pid_controller.o
LOAD ./drivers/rs232.o
LOAD ./drivers/segmentlcd.o
LOAD ./drivers/ws2813_led.o
LOAD ./emlib/src/em_acmp.o
LOAD ./emlib/src/em_adc.o
LOAD ./emlib/src/em_aes.o
LOAD ./emlib/src/em_assert.o
LOAD ./emlib/src/em_burtc.o
LOAD ./emlib/src/em_can.o
LOAD ./emlib/src/em_cmu.o
LOAD ./emlib/src/em_core.o
LOAD ./emlib/src/em_cryotimer.o
LOAD ./emlib/src/em_crypto.o
LOAD ./emlib/src/em_csen.o
LOAD ./emlib/src/em_dac.o
LOAD ./emlib/src/em_dbg.o
LOAD ./emlib/src/em_dma.o
LOAD ./emlib/src/em_ebi.o
LOAD ./emlib/src/em_emu.o
LOAD ./emlib/src/em_gpcrc.o
LOAD ./emlib/src/em_gpio.o
LOAD ./emlib/src/em_i2c.o
LOAD ./emlib/src/em_idac.o
LOAD ./emlib/src/em_int.o
LOAD ./emlib/src/em_lcd.o
LOAD ./emlib/src/em_ldma.o
LOAD ./emlib/src/em_lesense.o
LOAD ./emlib/src/em_letimer.o
LOAD ./emlib/src/em_leuart.o
LOAD ./emlib/src/em_mpu.o
LOAD ./emlib/src/em_msc.o
LOAD ./emlib/src/em_opamp.o
LOAD ./emlib/src/em_pcnt.o
LOAD ./emlib/src/em_prs.o
LOAD ./emlib/src/em_qspi.o
LOAD ./emlib/src/em_rmu.o
LOAD ./emlib/src/em_rtc.o
LOAD ./emlib/src/em_rtcc.o
LOAD ./emlib/src/em_system.o
LOAD ./emlib/src/em_timer.o
LOAD ./emlib/src/em_usart.o
LOAD ./emlib/src/em_vcmp.o
LOAD ./emlib/src/em_vdac.o
LOAD ./emlib/src/em_wdog.o
LOAD ./src/main.o
START GROUP
LOAD c:/siliconlabs/simplicitystudio/v4/developer/toolchains/gnu_arm/4.9_2015q3/bin/../lib/gcc/arm-none-eabi/4.9.3/armv7e-m/softfp\libgcc.a
LOAD c:/siliconlabs/simplicitystudio/v4/developer/toolchains/gnu_arm/4.9_2015q3/bin/../lib/gcc/arm-none-eabi/4.9.3/../../../../arm-none-eabi/lib/armv7e-m/softfp\libc_nano.a
LOAD c:/siliconlabs/simplicitystudio/v4/developer/toolchains/gnu_arm/4.9_2015q3/bin/../lib/gcc/arm-none-eabi/4.9.3/../../../../arm-none-eabi/lib/armv7e-m/softfp\libnosys.a
END GROUP
START GROUP
LOAD c:/siliconlabs/simplicitystudio/v4/developer/toolchains/gnu_arm/4.9_2015q3/bin/../lib/gcc/arm-none-eabi/4.9.3/armv7e-m/softfp\libgcc.a
LOAD c:/siliconlabs/simplicitystudio/v4/developer/toolchains/gnu_arm/4.9_2015q3/bin/../lib/gcc/arm-none-eabi/4.9.3/../../../../arm-none-eabi/lib/armv7e-m/softfp\libg_nano.a
LOAD c:/siliconlabs/simplicitystudio/v4/developer/toolchains/gnu_arm/4.9_2015q3/bin/../lib/gcc/arm-none-eabi/4.9.3/../../../../arm-none-eabi/lib/armv7e-m/softfp\libc_nano.a
END GROUP
START GROUP
LOAD c:/siliconlabs/simplicitystudio/v4/developer/toolchains/gnu_arm/4.9_2015q3/bin/../lib/gcc/arm-none-eabi/4.9.3/armv7e-m/softfp\libgcc.a
LOAD c:/siliconlabs/simplicitystudio/v4/developer/toolchains/gnu_arm/4.9_2015q3/bin/../lib/gcc/arm-none-eabi/4.9.3/../../../../arm-none-eabi/lib/armv7e-m/softfp\libc_nano.a
END GROUP
LOAD c:/siliconlabs/simplicitystudio/v4/developer/toolchains/gnu_arm/4.9_2015q3/bin/../lib/gcc/arm-none-eabi/4.9.3/armv7e-m/softfp/crtend.o
LOAD c:/siliconlabs/simplicitystudio/v4/developer/toolchains/gnu_arm/4.9_2015q3/bin/../lib/gcc/arm-none-eabi/4.9.3/armv7e-m/softfp/crtn.o

.text           0x00000000     0x36a8
 *(.vectors)
 .vectors       0x00000000       0xe0 ./CMSIS/EFM32WG/startup_efm32wg.o
                0x00000000                __Vectors
                0x000000e0                __Vectors_End = .
                0x000000e0                __Vectors_Size = (__Vectors_End - __Vectors)
                0x000000e0                __end__ = .
 *(.text*)
 .text          0x000000e0       0x5c c:/siliconlabs/simplicitystudio/v4/developer/toolchains/gnu_arm/4.9_2015q3/bin/../lib/gcc/arm-none-eabi/4.9.3/armv7e-m/softfp/crtbegin.o
 .text          0x0000013c       0x74 c:/siliconlabs/simplicitystudio/v4/developer/toolchains/gnu_arm/4.9_2015q3/bin/../lib/gcc/arm-none-eabi/4.9.3/../../../../arm-none-eabi/lib/armv7e-m/softfp/crt0.o
                0x0000013c                _start
                0x0000013c                _mainCRTStartup
 .text          0x000001b0       0x30 ./CMSIS/EFM32WG/startup_efm32wg.o
                0x000001b0                Reset_Handler
                0x000001dc                DebugMon_Handler
                0x000001dc                USART0_TX_IRQHandler
                0x000001dc                I2C0_IRQHandler
                0x000001dc                HardFault_Handler
                0x000001dc                LEUART1_IRQHandler
                0x000001dc                SysTick_Handler
                0x000001dc                PendSV_Handler
                0x000001dc                NMI_Handler
                0x000001dc                I2C1_IRQHandler
                0x000001dc                TIMER3_IRQHandler
                0x000001dc                MSC_IRQHandler
                0x000001dc                ADC0_IRQHandler
                0x000001dc                UsageFault_Handler
                0x000001dc                LEUART0_IRQHandler
                0x000001dc                FPUEH_IRQHandler
                0x000001dc                UART0_TX_IRQHandler
                0x000001dc                UART1_TX_IRQHandler
                0x000001dc                RTC_IRQHandler
                0x000001dc                TIMER2_IRQHandler
                0x000001dc                LCD_IRQHandler
                0x000001dc                PCNT2_IRQHandler
                0x000001dc                UART0_RX_IRQHandler
                0x000001dc                LETIMER0_IRQHandler
                0x000001dc                USART2_RX_IRQHandler
                0x000001dc                Default_Handler
                0x000001dc                EMU_IRQHandler
                0x000001dc                PCNT0_IRQHandler
                0x000001dc                USB_IRQHandler
                0x000001dc                BURTC_IRQHandler
                0x000001dc                PCNT1_IRQHandler
                0x000001dc                ACMP0_IRQHandler
                0x000001dc                USART0_RX_IRQHandler
                0x000001dc                MemManage_Handler
                0x000001dc                SVC_Handler
                0x000001dc                DAC0_IRQHandler
                0x000001dc                UART1_RX_IRQHandler
                0x000001dc                CMU_IRQHandler
                0x000001dc                EBI_IRQHandler
                0x000001dc                LESENSE_IRQHandler
                0x000001dc                AES_IRQHandler
                0x000001dc                VCMP_IRQHandler
                0x000001dc                BusFault_Handler
                0x000001dc                USART2_TX_IRQHandler
 .text.SystemCoreClockGet
                0x000001e0       0xdc ./CMSIS/EFM32WG/system_efm32wg.o
                0x000001e0                SystemCoreClockGet
 .text.SystemMaxCoreClockGet
                0x000002bc        0x8 ./CMSIS/EFM32WG/system_efm32wg.o
                0x000002bc                SystemMaxCoreClockGet
 .text.SystemHFClockGet
                0x000002c4       0xd0 ./CMSIS/EFM32WG/system_efm32wg.o
                0x000002c4                SystemHFClockGet
 .text.SystemHFXOClockGet
                0x00000394        0xc ./CMSIS/EFM32WG/system_efm32wg.o
                0x00000394                SystemHFXOClockGet
 .text.SystemInit
                0x000003a0       0x14 ./CMSIS/EFM32WG/system_efm32wg.o
                0x000003a0                SystemInit
 .text.SystemLFRCOClockGet
                0x000003b4        0x8 ./CMSIS/EFM32WG/system_efm32wg.o
                0x000003b4                SystemLFRCOClockGet
 .text.SystemULFRCOClockGet
                0x000003bc        0x8 ./CMSIS/EFM32WG/system_efm32wg.o
                0x000003bc                SystemULFRCOClockGet
 .text.SystemLFXOClockGet
                0x000003c4        0xc ./CMSIS/EFM32WG/system_efm32wg.o
                0x000003c4                SystemLFXOClockGet
 .text.TIMER1_IRQHandler
                0x000003d0       0x1c ./drivers/delay.o
                0x000003d0                TIMER1_IRQHandler
 .text.TIMER0_IRQHandler
                0x000003ec       0x3c ./drivers/delay.o
                0x000003ec                TIMER0_IRQHandler
 .text.sampler_timer_init
                0x00000428       0x80 ./drivers/delay.o
                0x00000428                sampler_timer_init
 .text.delay_init
                0x000004a8       0x74 ./drivers/delay.o
                0x000004a8                delay_init
 .text.delay_5_33us
                0x0000051c       0x28 ./drivers/delay.o
                0x0000051c                delay_5_33us
 .text.dht_read_iA
                0x00000544      0x16c ./drivers/dht22.o
                0x00000544                dht_read_iA
 .text.fifo_rs232_init
                0x000006b0       0x38 ./drivers/fifo_rs232.o
                0x000006b0                fifo_rs232_init
 .text.fifo_rs232_is_empty
                0x000006e8       0x24 ./drivers/fifo_rs232.o
                0x000006e8                fifo_rs232_is_empty
 .text.fifo_rs232_is_full
                0x0000070c       0x2c ./drivers/fifo_rs232.o
                0x0000070c                fifo_rs232_is_full
 .text.fifo_rs232_remove
                0x00000738       0x74 ./drivers/fifo_rs232.o
                0x00000738                fifo_rs232_remove
 .text.fifo_rs232_add
                0x000007ac       0x6c ./drivers/fifo_rs232.o
                0x000007ac                fifo_rs232_add
 .text.gpio_init
                0x00000818       0xb8 ./drivers/gpio.o
                0x00000818                gpio_init
 .text.GPIO_ODD_IRQHandler
                0x000008d0       0x30 ./drivers/gpio.o
                0x000008d0                GPIO_ODD_IRQHandler
 .text.GPIO_EVEN_IRQHandler
                0x00000900       0x2c ./drivers/gpio.o
                0x00000900                GPIO_EVEN_IRQHandler
 .text.rs232_init
                0x0000092c       0x94 ./drivers/rs232.o
                0x0000092c                rs232_init
 .text.rs232_enable
                0x000009c0        0xc ./drivers/rs232.o
                0x000009c0                rs232_enable
 .text.USART1_TX_IRQHandler
                0x000009cc       0x38 ./drivers/rs232.o
                0x000009cc                USART1_TX_IRQHandler
 .text.USART1_RX_IRQHandler
                0x00000a04       0x34 ./drivers/rs232.o
                0x00000a04                USART1_RX_IRQHandler
 .text.debug_str
                0x00000a38       0x3c ./drivers/rs232.o
                0x00000a38                debug_str
 .text.SegmentLCD_AllOff
                0x00000a74       0xac ./drivers/segmentlcd.o
                0x00000a74                SegmentLCD_AllOff
 .text.SegmentLCD_AllOn
                0x00000b20       0xcc ./drivers/segmentlcd.o
                0x00000b20                SegmentLCD_AllOn
 .text.SegmentLCD_AlphaNumberOff
                0x00000bec       0xa8 ./drivers/segmentlcd.o
                0x00000bec                SegmentLCD_AlphaNumberOff
 .text.SegmentLCD_Init
                0x00000c94       0xac ./drivers/segmentlcd.o
                0x00000c94                SegmentLCD_Init
 .text.SegmentLCD_Number
                0x00000d40      0x18c ./drivers/segmentlcd.o
                0x00000d40                SegmentLCD_Number
 .text.SegmentLCD_Write
                0x00000ecc      0x190 ./drivers/segmentlcd.o
                0x00000ecc                SegmentLCD_Write
 .text.convert_inten_pixel
                0x0000105c        0xc ./drivers/ws2813_led.o
                0x0000105c                convert_inten_pixel
 .text.chalo_batti
                0x00001068       0xcc ./drivers/ws2813_led.o
                0x00001068                chalo_batti
 .text.lfClkGet
                0x00001134      0x144 ./emlib/src/em_cmu.o
 .text.CMU_ClockDivSet
                0x00001278      0x35c ./emlib/src/em_cmu.o
                0x00001278                CMU_ClockDivSet
 .text.CMU_ClockSelectGet
                0x000015d4       0xc8 ./emlib/src/em_cmu.o
                0x000015d4                CMU_ClockSelectGet
 .text.CMU_ClockFreqGet
                0x0000169c      0x210 ./emlib/src/em_cmu.o
                0x0000169c                CMU_ClockFreqGet
 .text.CMU_ClockEnable
                0x000018ac       0xb4 ./emlib/src/em_cmu.o
                0x000018ac                CMU_ClockEnable
 .text.CMU_ClockSelectSet
                0x00001960      0x330 ./emlib/src/em_cmu.o
                0x00001960                CMU_ClockSelectSet
 .text.CMU_LCDClkFDIVSet
                0x00001c90       0x1c ./emlib/src/em_cmu.o
                0x00001c90                CMU_LCDClkFDIVSet
 .text.CMU_OscillatorEnable
                0x00001cac       0x74 ./emlib/src/em_cmu.o
                0x00001cac                CMU_OscillatorEnable
 .text.DMA_IRQHandler
                0x00001d20       0x84 ./emlib/src/em_dma.o
                0x00001d20                DMA_IRQHandler
 .text.GPIO_DriveModeSet
                0x00001da4       0x1c ./emlib/src/em_gpio.o
                0x00001da4                GPIO_DriveModeSet
 .text.GPIO_ExtIntConfig
                0x00001dc0       0x78 ./emlib/src/em_gpio.o
                0x00001dc0                GPIO_ExtIntConfig
 .text.GPIO_PinModeSet
                0x00001e38       0x9c ./emlib/src/em_gpio.o
                0x00001e38                GPIO_PinModeSet
 .text.LCD_Init
                0x00001ed4       0x44 ./emlib/src/em_lcd.o
                0x00001ed4                LCD_Init
 .text.LCD_VLCDSelect
                0x00001f18       0x1c ./emlib/src/em_lcd.o
                0x00001f18                LCD_VLCDSelect
 .text.LCD_SegmentRangeEnable
                0x00001f34       0x18 ./emlib/src/em_lcd.o
                0x00001f34                LCD_SegmentRangeEnable
 .text.LCD_SegmentSet
                0x00001f4c       0xdc ./emlib/src/em_lcd.o
                0x00001f4c                LCD_SegmentSet
 .text.LCD_SegmentSetLow
                0x00002028       0xd4 ./emlib/src/em_lcd.o
                0x00002028                LCD_SegmentSetLow
 .text.LCD_SegmentSetHigh
                0x000020fc       0xd4 ./emlib/src/em_lcd.o
                0x000020fc                LCD_SegmentSetHigh
 .text.LCD_VBoostSet
                0x000021d0       0x14 ./emlib/src/em_lcd.o
                0x000021d0                LCD_VBoostSet
 .text.TIMER_Init
                0x000021e4       0xb0 ./emlib/src/em_timer.o
                0x000021e4                TIMER_Init
 .text.USART_Enable
                0x00002294       0x10 ./emlib/src/em_usart.o
                0x00002294                USART_Enable
 .text.USART_InitAsync
                0x000022a4       0xdc ./emlib/src/em_usart.o
                0x000022a4                USART_InitAsync
 .text.USART_Reset
                0x00002380       0x54 ./emlib/src/em_usart.o
                0x00002380                USART_Reset
 .text.USART_Rx
                0x000023d4        0xc ./emlib/src/em_usart.o
                0x000023d4                USART_Rx
 .text.USART_Tx
                0x000023e0        0xc ./emlib/src/em_usart.o
                0x000023e0                USART_Tx
 .text.inc_dec_irq_handler
                0x000023ec      0x110 ./src/main.o
                0x000023ec                inc_dec_irq_handler
 .text.menu_display
                0x000024fc      0x37c ./src/main.o
                0x000024fc                menu_display
 .text.startup.main
                0x00002878      0x400 ./src/main.o
                0x00002878                main
 .text          0x00002c78       0x30 c:/siliconlabs/simplicitystudio/v4/developer/toolchains/gnu_arm/4.9_2015q3/bin/../lib/gcc/arm-none-eabi/4.9.3/armv7e-m/softfp\libgcc.a(_aeabi_uldivmod.o)
                0x00002c78                __aeabi_uldivmod
 .text          0x00002ca8       0x60 c:/siliconlabs/simplicitystudio/v4/developer/toolchains/gnu_arm/4.9_2015q3/bin/../lib/gcc/arm-none-eabi/4.9.3/armv7e-m/softfp\libgcc.a(bpabi.o)
                0x00002ca8                __gnu_ldivmod_helper
                0x00002cd8                __gnu_uldivmod_helper
 .text          0x00002d08        0x4 c:/siliconlabs/simplicitystudio/v4/developer/toolchains/gnu_arm/4.9_2015q3/bin/../lib/gcc/arm-none-eabi/4.9.3/armv7e-m/softfp\libgcc.a(_dvmd_tls.o)
                0x00002d08                __aeabi_idiv0
                0x00002d08                __aeabi_ldiv0
 .text          0x00002d0c      0x29c c:/siliconlabs/simplicitystudio/v4/developer/toolchains/gnu_arm/4.9_2015q3/bin/../lib/gcc/arm-none-eabi/4.9.3/armv7e-m/softfp\libgcc.a(_divdi3.o)
                0x00002d0c                __divdi3
 .text          0x00002fa8      0x26c c:/siliconlabs/simplicitystudio/v4/developer/toolchains/gnu_arm/4.9_2015q3/bin/../lib/gcc/arm-none-eabi/4.9.3/armv7e-m/softfp\libgcc.a(_udivdi3.o)
                0x00002fa8                __udivdi3
 .text.exit     0x00003214       0x28 c:/siliconlabs/simplicitystudio/v4/developer/toolchains/gnu_arm/4.9_2015q3/bin/../lib/gcc/arm-none-eabi/4.9.3/../../../../arm-none-eabi/lib/armv7e-m/softfp\libc_nano.a(lib_a-exit.o)
                0x00003214                exit
 .text.__libc_init_array
                0x0000323c       0x4c c:/siliconlabs/simplicitystudio/v4/developer/toolchains/gnu_arm/4.9_2015q3/bin/../lib/gcc/arm-none-eabi/4.9.3/../../../../arm-none-eabi/lib/armv7e-m/softfp\libc_nano.a(lib_a-init.o)
                0x0000323c                __libc_init_array
 .text.memset   0x00003288       0x10 c:/siliconlabs/simplicitystudio/v4/developer/toolchains/gnu_arm/4.9_2015q3/bin/../lib/gcc/arm-none-eabi/4.9.3/../../../../arm-none-eabi/lib/armv7e-m/softfp\libc_nano.a(lib_a-memset.o)
                0x00003288                memset
 .text.strlen   0x00003298       0x10 c:/siliconlabs/simplicitystudio/v4/developer/toolchains/gnu_arm/4.9_2015q3/bin/../lib/gcc/arm-none-eabi/4.9.3/../../../../arm-none-eabi/lib/armv7e-m/softfp\libc_nano.a(lib_a-strlen.o)
                0x00003298                strlen
 .text._exit    0x000032a8        0x4 c:/siliconlabs/simplicitystudio/v4/developer/toolchains/gnu_arm/4.9_2015q3/bin/../lib/gcc/arm-none-eabi/4.9.3/../../../../arm-none-eabi/lib/armv7e-m/softfp\libnosys.a(_exit.o)
                0x000032a8                _exit
 *(.init)
 .init          0x000032ac        0x4 c:/siliconlabs/simplicitystudio/v4/developer/toolchains/gnu_arm/4.9_2015q3/bin/../lib/gcc/arm-none-eabi/4.9.3/armv7e-m/softfp/crti.o
                0x000032ac                _init
 .init          0x000032b0        0x8 c:/siliconlabs/simplicitystudio/v4/developer/toolchains/gnu_arm/4.9_2015q3/bin/../lib/gcc/arm-none-eabi/4.9.3/armv7e-m/softfp/crtn.o
 *(.fini)
 .fini          0x000032b8        0x4 c:/siliconlabs/simplicitystudio/v4/developer/toolchains/gnu_arm/4.9_2015q3/bin/../lib/gcc/arm-none-eabi/4.9.3/armv7e-m/softfp/crti.o
                0x000032b8                _fini
 .fini          0x000032bc        0x8 c:/siliconlabs/simplicitystudio/v4/developer/toolchains/gnu_arm/4.9_2015q3/bin/../lib/gcc/arm-none-eabi/4.9.3/armv7e-m/softfp/crtn.o
 *crtbegin.o(.ctors)
 *crtbegin?.o(.ctors)
 *(EXCLUDE_FILE(*crtend.o *crtend?.o) .ctors)
 *(SORT(.ctors.*))
 *(.ctors)
 *crtbegin.o(.dtors)
 *crtbegin?.o(.dtors)
 *(EXCLUDE_FILE(*crtend.o *crtend?.o) .dtors)
 *(SORT(.dtors.*))
 *(.dtors)
 *(.rodata*)
 .rodata        0x000032c4       0x18 ./drivers/rs232.o
 .rodata.EFM_Numbers
                0x000032dc       0x22 ./drivers/segmentlcd.o
 *fill*         0x000032fe        0x2 
 .rodata.EFM_Display
                0x00003300      0x1fe ./drivers/segmentlcd.o
 *fill*         0x000034fe        0x2 
 .rodata.lcdInit
                0x00003500       0x14 ./drivers/segmentlcd.o
 .rodata.EFM_Alphabet
                0x00003514       0xb8 ./drivers/segmentlcd.o
 .rodata.str1.4
                0x000035cc       0xd0 ./src/main.o
                                 0xce (size before relaxing)
 .rodata.str1.1
                0x0000369c        0x2 c:/siliconlabs/simplicitystudio/v4/developer/toolchains/gnu_arm/4.9_2015q3/bin/../lib/gcc/arm-none-eabi/4.9.3/../../../../arm-none-eabi/lib/armv7e-m/softfp\libc_nano.a(lib_a-impure.o)
 *fill*         0x0000369e        0x2 
 .rodata._global_impure_ptr
                0x000036a0        0x4 c:/siliconlabs/simplicitystudio/v4/developer/toolchains/gnu_arm/4.9_2015q3/bin/../lib/gcc/arm-none-eabi/4.9.3/../../../../arm-none-eabi/lib/armv7e-m/softfp\libc_nano.a(lib_a-impure.o)
                0x000036a0                _global_impure_ptr
 *(.eh_frame*)
 .eh_frame      0x000036a4        0x0 c:/siliconlabs/simplicitystudio/v4/developer/toolchains/gnu_arm/4.9_2015q3/bin/../lib/gcc/arm-none-eabi/4.9.3/armv7e-m/softfp/crtbegin.o
 .eh_frame      0x000036a4        0x4 c:/siliconlabs/simplicitystudio/v4/developer/toolchains/gnu_arm/4.9_2015q3/bin/../lib/gcc/arm-none-eabi/4.9.3/armv7e-m/softfp/crtend.o

.glue_7         0x000036a8        0x0
 .glue_7        0x00000000        0x0 linker stubs

.glue_7t        0x000036a8        0x0
 .glue_7t       0x00000000        0x0 linker stubs

.vfp11_veneer   0x000036a8        0x0
 .vfp11_veneer  0x00000000        0x0 linker stubs

.v4_bx          0x000036a8        0x0
 .v4_bx         0x00000000        0x0 linker stubs

.iplt           0x000036a8        0x0
 .iplt          0x00000000        0x0 c:/siliconlabs/simplicitystudio/v4/developer/toolchains/gnu_arm/4.9_2015q3/bin/../lib/gcc/arm-none-eabi/4.9.3/armv7e-m/softfp/crtbegin.o

.ARM.extab
 *(.ARM.extab* .gnu.linkonce.armextab.*)
                0x000036a8                __exidx_start = .

.ARM.exidx      0x000036a8        0x8
 *(.ARM.exidx* .gnu.linkonce.armexidx.*)
 .ARM.exidx     0x000036a8        0x8 c:/siliconlabs/simplicitystudio/v4/developer/toolchains/gnu_arm/4.9_2015q3/bin/../lib/gcc/arm-none-eabi/4.9.3/../../../../arm-none-eabi/lib/armv7e-m/softfp/crt0.o
 .ARM.exidx     0x000036b0        0x0 c:/siliconlabs/simplicitystudio/v4/developer/toolchains/gnu_arm/4.9_2015q3/bin/../lib/gcc/arm-none-eabi/4.9.3/armv7e-m/softfp\libgcc.a(_divdi3.o)
                                  0x8 (size before relaxing)
 .ARM.exidx     0x000036b0        0x0 c:/siliconlabs/simplicitystudio/v4/developer/toolchains/gnu_arm/4.9_2015q3/bin/../lib/gcc/arm-none-eabi/4.9.3/armv7e-m/softfp\libgcc.a(_udivdi3.o)
                                  0x8 (size before relaxing)
                0x000036b0                __exidx_end = .
                0x000036b0                __etext = .

.rel.dyn        0x000036b0        0x0
 .rel.iplt      0x00000000        0x0 c:/siliconlabs/simplicitystudio/v4/developer/toolchains/gnu_arm/4.9_2015q3/bin/../lib/gcc/arm-none-eabi/4.9.3/armv7e-m/softfp/crtbegin.o

.data           0x20000000       0xa0 load address 0x000036b0
                0x20000000                __data_start__ = .
 *(vtable)
 *(.data*)
 .data.SystemLFXOClock
                0x20000000        0x4 ./CMSIS/EFM32WG/system_efm32wg.o
 .data.SystemHFXOClock
                0x20000004        0x4 ./CMSIS/EFM32WG/system_efm32wg.o
 .data.SystemCoreClock
                0x20000008        0x4 ./CMSIS/EFM32WG/system_efm32wg.o
                0x20000008                SystemCoreClock
 .data.rgb_pixel
                0x2000000c        0x4 ./src/main.o
                0x2000000c                rgb_pixel
 .data.b_inten  0x20000010        0x1 ./src/main.o
                0x20000010                b_inten
 *fill*         0x20000011        0x7 
 .data.temp_min_c
                0x20000018        0x8 ./src/main.o
                0x20000018                temp_min_c
 .data.led_start_time
                0x20000020        0x1 ./src/main.o
                0x20000020                led_start_time
 .data.running_cycle
                0x20000021        0x1 ./src/main.o
                0x20000021                running_cycle
 *fill*         0x20000022        0x6 
 .data.humi_min_c
                0x20000028        0x8 ./src/main.o
                0x20000028                humi_min_c
 .data.g_inten  0x20000030        0x1 ./src/main.o
                0x20000030                g_inten
 .data.r_inten  0x20000031        0x1 ./src/main.o
                0x20000031                r_inten
 *fill*         0x20000032        0x2 
 .data.impure_data
                0x20000034       0x60 c:/siliconlabs/simplicitystudio/v4/developer/toolchains/gnu_arm/4.9_2015q3/bin/../lib/gcc/arm-none-eabi/4.9.3/../../../../arm-none-eabi/lib/armv7e-m/softfp\libc_nano.a(lib_a-impure.o)
                0x20000094                . = ALIGN (0x4)
 *(.ram)
                0x20000094                . = ALIGN (0x4)
                0x20000094                PROVIDE (__preinit_array_start, .)
 *(.preinit_array)
                0x20000094                PROVIDE (__preinit_array_end, .)
                0x20000094                . = ALIGN (0x4)
                0x20000094                PROVIDE (__init_array_start, .)
 *(SORT(.init_array.*))
 *(.init_array)
 .init_array    0x20000094        0x4 c:/siliconlabs/simplicitystudio/v4/developer/toolchains/gnu_arm/4.9_2015q3/bin/../lib/gcc/arm-none-eabi/4.9.3/armv7e-m/softfp/crtbegin.o
                0x20000098                PROVIDE (__init_array_end, .)
                0x20000098                . = ALIGN (0x4)
                0x20000098                PROVIDE (__fini_array_start, .)
 *(SORT(.fini_array.*))
 *(.fini_array)
 .fini_array    0x20000098        0x4 c:/siliconlabs/simplicitystudio/v4/developer/toolchains/gnu_arm/4.9_2015q3/bin/../lib/gcc/arm-none-eabi/4.9.3/armv7e-m/softfp/crtbegin.o
                0x2000009c                PROVIDE (__fini_array_end, .)
 *(.jcr*)
 .jcr           0x2000009c        0x0 c:/siliconlabs/simplicitystudio/v4/developer/toolchains/gnu_arm/4.9_2015q3/bin/../lib/gcc/arm-none-eabi/4.9.3/armv7e-m/softfp/crtbegin.o
 .jcr           0x2000009c        0x4 c:/siliconlabs/simplicitystudio/v4/developer/toolchains/gnu_arm/4.9_2015q3/bin/../lib/gcc/arm-none-eabi/4.9.3/armv7e-m/softfp/crtend.o
                0x200000a0                . = ALIGN (0x4)
                0x200000a0                __data_end__ = .

.igot.plt       0x200000a0        0x0 load address 0x00003750
 .igot.plt      0x00000000        0x0 c:/siliconlabs/simplicitystudio/v4/developer/toolchains/gnu_arm/4.9_2015q3/bin/../lib/gcc/arm-none-eabi/4.9.3/armv7e-m/softfp/crtbegin.o

.bss            0x200000a0      0x388 load address 0x00003750
                0x200000a0                . = ALIGN (0x4)
                0x200000a0                __bss_start__ = .
 *(.bss*)
 .bss           0x200000a0       0x1c c:/siliconlabs/simplicitystudio/v4/developer/toolchains/gnu_arm/4.9_2015q3/bin/../lib/gcc/arm-none-eabi/4.9.3/armv7e-m/softfp/crtbegin.o
 .bss.pwm_cycle_count
                0x200000bc        0x2 ./drivers/delay.o
 *fill*         0x200000be        0x2 
 .bss.pwm_instances_counter
                0x200000c0        0x4 ./drivers/delay.o
 .bss.fifo_rx_size
                0x200000c4        0x4 ./drivers/fifo_rs232.o
 .bss.fifo_rx_rear
                0x200000c8        0x4 ./drivers/fifo_rs232.o
 .bss.fifo_tx   0x200000cc      0x200 ./drivers/fifo_rs232.o
 .bss.fifo_rx   0x200002cc       0x10 ./drivers/fifo_rs232.o
 .bss.fifo_tx_size
                0x200002dc        0x4 ./drivers/fifo_rs232.o
 .bss.fifo_rx_front
                0x200002e0        0x4 ./drivers/fifo_rs232.o
 .bss.fifo_tx_rear
                0x200002e4        0x4 ./drivers/fifo_rs232.o
 .bss.fifo_tx_front
                0x200002e8        0x4 ./drivers/fifo_rs232.o
 *fill*         0x200002ec        0x4 
 .bss.temp_max_c
                0x200002f0        0x8 ./src/main.o
                0x200002f0                temp_max_c
 .bss.humi_current
                0x200002f8        0x8 ./src/main.o
                0x200002f8                humi_current
 .bss.temp_max_d
                0x20000300        0x8 ./src/main.o
                0x20000300                temp_max_d
 .bss.hours     0x20000308        0x1 ./src/main.o
                0x20000308                hours
 .bss.read_dht  0x20000309        0x1 ./src/main.o
                0x20000309                read_dht
 .bss.menu_mode
                0x2000030a        0x1 ./src/main.o
                0x2000030a                menu_mode
 .bss.submenu_time
                0x2000030b        0x1 ./src/main.o
                0x2000030b                submenu_time
 .bss.right_pressed
                0x2000030c        0x1 ./src/main.o
                0x2000030c                right_pressed
 *fill*         0x2000030d        0x3 
 .bss.humi_max_d
                0x20000310        0x8 ./src/main.o
                0x20000310                humi_max_d
 .bss.humi_max_c
                0x20000318        0x8 ./src/main.o
                0x20000318                humi_max_c
 .bss.time_formatted
                0x20000320        0x8 ./src/main.o
                0x20000320                time_formatted
 .bss.temp_avg_c
                0x20000328        0x8 ./src/main.o
                0x20000328                temp_avg_c
 .bss.temp_avg_d
                0x20000330        0x8 ./src/main.o
                0x20000330                temp_avg_d
 .bss.temp_min_d
                0x20000338        0x8 ./src/main.o
                0x20000338                temp_min_d
 .bss.submenu_temp_humi
                0x20000340        0x1 ./src/main.o
                0x20000340                submenu_temp_humi
 *fill*         0x20000341        0x7 
 .bss.temp_current
                0x20000348        0x8 ./src/main.o
                0x20000348                temp_current
 .bss.days_count
                0x20000350        0x1 ./src/main.o
                0x20000350                days_count
 .bss.left_pressed
                0x20000351        0x1 ./src/main.o
                0x20000351                left_pressed
 *fill*         0x20000352        0x6 
 .bss.humi_avg_c
                0x20000358        0x8 ./src/main.o
                0x20000358                humi_avg_c
 .bss.humi_avg_d
                0x20000360        0x8 ./src/main.o
                0x20000360                humi_avg_d
 .bss.humi_min_d
                0x20000368        0x8 ./src/main.o
                0x20000368                humi_min_d
 .bss.sampler_timer_flag
                0x20000370        0x1 ./src/main.o
                0x20000370                sampler_timer_flag
 .bss.sample_counter
                0x20000371        0x1 ./src/main.o
                0x20000371                sample_counter
 .bss.mins      0x20000372        0x1 ./src/main.o
                0x20000372                mins
 *fill*         0x20000373        0x5 
 .bss.seconds   0x20000378        0x8 ./src/main.o
                0x20000378                seconds
 *(COMMON)
 COMMON         0x20000380       0x80 ./drivers/dht22.o
                0x20000380                rs232_buf
 COMMON         0x20000400       0x25 ./src/main.o
                0x20000400                lcd_buf
                0x20000420                dht_data
                0x20000428                . = ALIGN (0x4)
 *fill*         0x20000425        0x3 
                0x20000428                __bss_end__ = .

.heap           0x20000428      0xc00
                0x20000428                __HeapBase = .
                0x20000428                __end__ = .
                0x20000428                end = __end__
                0x20000428                _end = __end__
 *(.heap*)
 .heap          0x20000428      0xc00 ./CMSIS/EFM32WG/startup_efm32wg.o
                0x20001028                __HeapLimit = .

.stack_dummy    0x20000428      0x400
 *(.stack*)
 .stack         0x20000428      0x400 ./CMSIS/EFM32WG/startup_efm32wg.o
                0x20008000                __StackTop = (ORIGIN (RAM) + 0x8000)
                0x20007c00                __StackLimit = (__StackTop - SIZEOF (.stack_dummy))
                0x20008000                PROVIDE (__stack, __StackTop)
                0x00000001                ASSERT ((__StackLimit >= __HeapLimit), region RAM overflowed with stack)
                0x00000001                ASSERT ((0x40000 >= (__etext + SIZEOF (.data))), FLASH memory overflowed !)
OUTPUT(shit_tareen_idea.axf elf32-littlearm)

.ARM.attributes
                0x00000000       0x2e
 .ARM.attributes
                0x00000000       0x22 c:/siliconlabs/simplicitystudio/v4/developer/toolchains/gnu_arm/4.9_2015q3/bin/../lib/gcc/arm-none-eabi/4.9.3/armv7e-m/softfp/crti.o
 .ARM.attributes
                0x00000022       0x32 c:/siliconlabs/simplicitystudio/v4/developer/toolchains/gnu_arm/4.9_2015q3/bin/../lib/gcc/arm-none-eabi/4.9.3/armv7e-m/softfp/crtbegin.o
 .ARM.attributes
                0x00000054       0x20 c:/siliconlabs/simplicitystudio/v4/developer/toolchains/gnu_arm/4.9_2015q3/bin/../lib/gcc/arm-none-eabi/4.9.3/../../../../arm-none-eabi/lib/armv7e-m/softfp/crt0.o
 .ARM.attributes
                0x00000074       0x1f ./CMSIS/EFM32WG/startup_efm32wg.o
 .ARM.attributes
                0x00000093       0x37 ./CMSIS/EFM32WG/system_efm32wg.o
 .ARM.attributes
                0x000000ca       0x37 ./drivers/delay.o
 .ARM.attributes
                0x00000101       0x37 ./drivers/dht22.o
 .ARM.attributes
                0x00000138       0x37 ./drivers/fifo_rs232.o
 .ARM.attributes
                0x0000016f       0x37 ./drivers/gpio.o
 .ARM.attributes
                0x000001a6       0x37 ./drivers/rs232.o
 .ARM.attributes
                0x000001dd       0x37 ./drivers/segmentlcd.o
 .ARM.attributes
                0x00000214       0x37 ./drivers/ws2813_led.o
 .ARM.attributes
                0x0000024b       0x37 ./emlib/src/em_cmu.o
 .ARM.attributes
                0x00000282       0x37 ./emlib/src/em_dma.o
 .ARM.attributes
                0x000002b9       0x37 ./emlib/src/em_gpio.o
 .ARM.attributes
                0x000002f0       0x37 ./emlib/src/em_lcd.o
 .ARM.attributes
                0x00000327       0x37 ./emlib/src/em_timer.o
 .ARM.attributes
                0x0000035e       0x37 ./emlib/src/em_usart.o
 .ARM.attributes
                0x00000395       0x37 ./src/main.o
 .ARM.attributes
                0x000003cc       0x22 c:/siliconlabs/simplicitystudio/v4/developer/toolchains/gnu_arm/4.9_2015q3/bin/../lib/gcc/arm-none-eabi/4.9.3/armv7e-m/softfp\libgcc.a(_aeabi_uldivmod.o)
 .ARM.attributes
                0x000003ee       0x32 c:/siliconlabs/simplicitystudio/v4/developer/toolchains/gnu_arm/4.9_2015q3/bin/../lib/gcc/arm-none-eabi/4.9.3/armv7e-m/softfp\libgcc.a(bpabi.o)
 .ARM.attributes
                0x00000420       0x22 c:/siliconlabs/simplicitystudio/v4/developer/toolchains/gnu_arm/4.9_2015q3/bin/../lib/gcc/arm-none-eabi/4.9.3/armv7e-m/softfp\libgcc.a(_dvmd_tls.o)
 .ARM.attributes
                0x00000442       0x32 c:/siliconlabs/simplicitystudio/v4/developer/toolchains/gnu_arm/4.9_2015q3/bin/../lib/gcc/arm-none-eabi/4.9.3/armv7e-m/softfp\libgcc.a(_divdi3.o)
 .ARM.attributes
                0x00000474       0x32 c:/siliconlabs/simplicitystudio/v4/developer/toolchains/gnu_arm/4.9_2015q3/bin/../lib/gcc/arm-none-eabi/4.9.3/armv7e-m/softfp\libgcc.a(_udivdi3.o)
 .ARM.attributes
                0x000004a6       0x32 c:/siliconlabs/simplicitystudio/v4/developer/toolchains/gnu_arm/4.9_2015q3/bin/../lib/gcc/arm-none-eabi/4.9.3/../../../../arm-none-eabi/lib/armv7e-m/softfp\libc_nano.a(lib_a-exit.o)
 .ARM.attributes
                0x000004d8       0x32 c:/siliconlabs/simplicitystudio/v4/developer/toolchains/gnu_arm/4.9_2015q3/bin/../lib/gcc/arm-none-eabi/4.9.3/../../../../arm-none-eabi/lib/armv7e-m/softfp\libc_nano.a(lib_a-impure.o)
 .ARM.attributes
                0x0000050a       0x32 c:/siliconlabs/simplicitystudio/v4/developer/toolchains/gnu_arm/4.9_2015q3/bin/../lib/gcc/arm-none-eabi/4.9.3/../../../../arm-none-eabi/lib/armv7e-m/softfp\libc_nano.a(lib_a-init.o)
 .ARM.attributes
                0x0000053c       0x32 c:/siliconlabs/simplicitystudio/v4/developer/toolchains/gnu_arm/4.9_2015q3/bin/../lib/gcc/arm-none-eabi/4.9.3/../../../../arm-none-eabi/lib/armv7e-m/softfp\libc_nano.a(lib_a-memset.o)
 .ARM.attributes
                0x0000056e       0x32 c:/siliconlabs/simplicitystudio/v4/developer/toolchains/gnu_arm/4.9_2015q3/bin/../lib/gcc/arm-none-eabi/4.9.3/../../../../arm-none-eabi/lib/armv7e-m/softfp\libc_nano.a(lib_a-strlen.o)
 .ARM.attributes
                0x000005a0       0x32 c:/siliconlabs/simplicitystudio/v4/developer/toolchains/gnu_arm/4.9_2015q3/bin/../lib/gcc/arm-none-eabi/4.9.3/../../../../arm-none-eabi/lib/armv7e-m/softfp\libnosys.a(_exit.o)
 .ARM.attributes
                0x000005d2       0x32 c:/siliconlabs/simplicitystudio/v4/developer/toolchains/gnu_arm/4.9_2015q3/bin/../lib/gcc/arm-none-eabi/4.9.3/armv7e-m/softfp/crtend.o
 .ARM.attributes
                0x00000604       0x22 c:/siliconlabs/simplicitystudio/v4/developer/toolchains/gnu_arm/4.9_2015q3/bin/../lib/gcc/arm-none-eabi/4.9.3/armv7e-m/softfp/crtn.o

.comment        0x00000000       0x70
 .comment       0x00000000       0x70 ./CMSIS/EFM32WG/system_efm32wg.o
                                 0x71 (size before relaxing)
 .comment       0x00000000       0x71 ./drivers/delay.o
 .comment       0x00000000       0x71 ./drivers/dht22.o
 .comment       0x00000000       0x71 ./drivers/fifo_rs232.o
 .comment       0x00000000       0x71 ./drivers/gpio.o
 .comment       0x00000000       0x71 ./drivers/rs232.o
 .comment       0x00000000       0x71 ./drivers/segmentlcd.o
 .comment       0x00000000       0x71 ./drivers/ws2813_led.o
 .comment       0x00000000       0x71 ./emlib/src/em_cmu.o
 .comment       0x00000000       0x71 ./emlib/src/em_dma.o
 .comment       0x00000000       0x71 ./emlib/src/em_gpio.o
 .comment       0x00000000       0x71 ./emlib/src/em_lcd.o
 .comment       0x00000000       0x71 ./emlib/src/em_timer.o
 .comment       0x00000000       0x71 ./emlib/src/em_usart.o
 .comment       0x00000000       0x71 ./src/main.o

.debug_line     0x00000000     0x563f
 .debug_line    0x00000000       0xd3 ./CMSIS/EFM32WG/startup_efm32wg.o
 .debug_line    0x000000d3      0x49a ./CMSIS/EFM32WG/system_efm32wg.o
 .debug_line    0x0000056d      0x54c ./drivers/delay.o
 .debug_line    0x00000ab9      0x36d ./drivers/dht22.o
 .debug_line    0x00000e26      0x248 ./drivers/fifo_rs232.o
 .debug_line    0x0000106e      0x34f ./drivers/gpio.o
 .debug_line    0x000013bd      0x512 ./drivers/rs232.o
 .debug_line    0x000018cf      0xa64 ./drivers/segmentlcd.o
 .debug_line    0x00002333      0x399 ./drivers/ws2813_led.o
 .debug_line    0x000026cc      0xd8b ./emlib/src/em_cmu.o
 .debug_line    0x00003457      0x708 ./emlib/src/em_dma.o
 .debug_line    0x00003b5f      0x422 ./emlib/src/em_gpio.o
 .debug_line    0x00003f81      0x5d3 ./emlib/src/em_lcd.o
 .debug_line    0x00004554      0x416 ./emlib/src/em_timer.o
 .debug_line    0x0000496a      0x721 ./emlib/src/em_usart.o
 .debug_line    0x0000508b      0x5b4 ./src/main.o

.debug_info     0x00000000     0xf1a6
 .debug_info    0x00000000      0x109 ./CMSIS/EFM32WG/startup_efm32wg.o
 .debug_info    0x00000109      0x84e ./CMSIS/EFM32WG/system_efm32wg.o
 .debug_info    0x00000957     0x1240 ./drivers/delay.o
 .debug_info    0x00001b97      0x81a ./drivers/dht22.o
 .debug_info    0x000023b1      0x275 ./drivers/fifo_rs232.o
 .debug_info    0x00002626      0xc88 ./drivers/gpio.o
 .debug_info    0x000032ae     0x10ca ./drivers/rs232.o
 .debug_info    0x00004378     0x29b7 ./drivers/segmentlcd.o
 .debug_info    0x00006d2f      0x70e ./drivers/ws2813_led.o
 .debug_info    0x0000743d     0x2563 ./emlib/src/em_cmu.o
 .debug_info    0x000099a0     0x1696 ./emlib/src/em_dma.o
 .debug_info    0x0000b036      0x7c6 ./emlib/src/em_gpio.o
 .debug_info    0x0000b7fc      0xe5a ./emlib/src/em_lcd.o
 .debug_info    0x0000c656      0x94e ./emlib/src/em_timer.o
 .debug_info    0x0000cfa4     0x12a5 ./emlib/src/em_usart.o
 .debug_info    0x0000e249      0xf5d ./src/main.o

.debug_abbrev   0x00000000     0x2655
 .debug_abbrev  0x00000000       0x14 ./CMSIS/EFM32WG/startup_efm32wg.o
 .debug_abbrev  0x00000014      0x1eb ./CMSIS/EFM32WG/system_efm32wg.o
 .debug_abbrev  0x000001ff      0x2d4 ./drivers/delay.o
 .debug_abbrev  0x000004d3      0x1b2 ./drivers/dht22.o
 .debug_abbrev  0x00000685      0x128 ./drivers/fifo_rs232.o
 .debug_abbrev  0x000007ad      0x250 ./drivers/gpio.o
 .debug_abbrev  0x000009fd      0x34e ./drivers/rs232.o
 .debug_abbrev  0x00000d4b      0x318 ./drivers/segmentlcd.o
 .debug_abbrev  0x00001063      0x246 ./drivers/ws2813_led.o
 .debug_abbrev  0x000012a9      0x3f5 ./emlib/src/em_cmu.o
 .debug_abbrev  0x0000169e      0x34f ./emlib/src/em_dma.o
 .debug_abbrev  0x000019ed      0x2d1 ./emlib/src/em_gpio.o
 .debug_abbrev  0x00001cbe      0x28b ./emlib/src/em_lcd.o
 .debug_abbrev  0x00001f49      0x1bb ./emlib/src/em_timer.o
 .debug_abbrev  0x00002104      0x2f9 ./emlib/src/em_usart.o
 .debug_abbrev  0x000023fd      0x258 ./src/main.o

.debug_aranges  0x00000000      0x668
 .debug_aranges
                0x00000000       0x20 ./CMSIS/EFM32WG/startup_efm32wg.o
 .debug_aranges
                0x00000020       0x68 ./CMSIS/EFM32WG/system_efm32wg.o
 .debug_aranges
                0x00000088       0x90 ./drivers/delay.o
 .debug_aranges
                0x00000118       0x28 ./drivers/dht22.o
 .debug_aranges
                0x00000140       0x40 ./drivers/fifo_rs232.o
 .debug_aranges
                0x00000180       0x30 ./drivers/gpio.o
 .debug_aranges
                0x000001b0       0x70 ./drivers/rs232.o
 .debug_aranges
                0x00000220       0x98 ./drivers/segmentlcd.o
 .debug_aranges
                0x000002b8       0x40 ./drivers/ws2813_led.o
 .debug_aranges
                0x000002f8       0xf0 ./emlib/src/em_cmu.o
 .debug_aranges
                0x000003e8       0x98 ./emlib/src/em_dma.o
 .debug_aranges
                0x00000480       0x48 ./emlib/src/em_gpio.o
 .debug_aranges
                0x000004c8       0x80 ./emlib/src/em_lcd.o
 .debug_aranges
                0x00000548       0x38 ./emlib/src/em_timer.o
 .debug_aranges
                0x00000580       0xb8 ./emlib/src/em_usart.o
 .debug_aranges
                0x00000638       0x30 ./src/main.o

.debug_loc      0x00000000     0xaccd
 .debug_loc     0x00000000      0x36a ./CMSIS/EFM32WG/system_efm32wg.o
 .debug_loc     0x0000036a      0x18d ./drivers/delay.o
 .debug_loc     0x000004f7      0x11b ./drivers/dht22.o
 .debug_loc     0x00000612      0x1f2 ./drivers/fifo_rs232.o
 .debug_loc     0x00000804       0xb8 ./drivers/gpio.o
 .debug_loc     0x000008bc      0x432 ./drivers/rs232.o
 .debug_loc     0x00000cee     0x3267 ./drivers/segmentlcd.o
 .debug_loc     0x00003f55      0x3b3 ./drivers/ws2813_led.o
 .debug_loc     0x00004308     0x303a ./emlib/src/em_cmu.o
 .debug_loc     0x00007342     0x1259 ./emlib/src/em_dma.o
 .debug_loc     0x0000859b      0x55a ./emlib/src/em_gpio.o
 .debug_loc     0x00008af5     0x129b ./emlib/src/em_lcd.o
 .debug_loc     0x00009d90      0x1a4 ./emlib/src/em_timer.o
 .debug_loc     0x00009f34      0xb71 ./emlib/src/em_usart.o
 .debug_loc     0x0000aaa5      0x228 ./src/main.o

.debug_ranges   0x00000000     0x1780
 .debug_ranges  0x00000000      0x1a8 ./CMSIS/EFM32WG/system_efm32wg.o
 .debug_ranges  0x000001a8      0x180 ./drivers/delay.o
 .debug_ranges  0x00000328       0x48 ./drivers/dht22.o
 .debug_ranges  0x00000370       0x30 ./drivers/fifo_rs232.o
 .debug_ranges  0x000003a0       0xc0 ./drivers/gpio.o
 .debug_ranges  0x00000460       0xc8 ./drivers/rs232.o
 .debug_ranges  0x00000528      0x1c0 ./drivers/segmentlcd.o
 .debug_ranges  0x000006e8      0x198 ./drivers/ws2813_led.o
 .debug_ranges  0x00000880      0x860 ./emlib/src/em_cmu.o
 .debug_ranges  0x000010e0      0x200 ./emlib/src/em_dma.o
 .debug_ranges  0x000012e0       0xe0 ./emlib/src/em_gpio.o
 .debug_ranges  0x000013c0       0xd0 ./emlib/src/em_lcd.o
 .debug_ranges  0x00001490       0x60 ./emlib/src/em_timer.o
 .debug_ranges  0x000014f0      0x238 ./emlib/src/em_usart.o
 .debug_ranges  0x00001728       0x58 ./src/main.o

.debug_str      0x00000000     0x4154
 .debug_str     0x00000000      0x49c ./CMSIS/EFM32WG/system_efm32wg.o
                                0x523 (size before relaxing)
 .debug_str     0x0000049c      0xcff ./drivers/delay.o
                                0xf40 (size before relaxing)
 .debug_str     0x0000119b      0x322 ./drivers/dht22.o
                                0x5f5 (size before relaxing)
 .debug_str     0x000014bd      0x11a ./drivers/fifo_rs232.o
                                0x306 (size before relaxing)
 .debug_str     0x000015d7      0x13e ./drivers/gpio.o
                                0xb3d (size before relaxing)
 .debug_str     0x00001715      0x509 ./drivers/rs232.o
                                0xf22 (size before relaxing)
 .debug_str     0x00001c1e      0x989 ./drivers/segmentlcd.o
                                0xf8c (size before relaxing)
 .debug_str     0x000025a7       0xcc ./drivers/ws2813_led.o
                                0x3ff (size before relaxing)
 .debug_str     0x00002673      0x69b ./emlib/src/em_cmu.o
                                0xe30 (size before relaxing)
 .debug_str     0x00002d0e      0x61e ./emlib/src/em_dma.o
                                0xe15 (size before relaxing)
 .debug_str     0x0000332c       0xeb ./emlib/src/em_gpio.o
                                0x606 (size before relaxing)
 .debug_str     0x00003417      0x2fd ./emlib/src/em_lcd.o
                                0x8ff (size before relaxing)
 .debug_str     0x00003714      0x24f ./emlib/src/em_timer.o
                                0x99a (size before relaxing)
 .debug_str     0x00003963      0x5ae ./emlib/src/em_usart.o
                                0xe2b (size before relaxing)
 .debug_str     0x00003f11      0x243 ./src/main.o
                                0xacc (size before relaxing)

.debug_frame    0x00000000     0x12d0
 .debug_frame   0x00000000       0xb0 ./CMSIS/EFM32WG/system_efm32wg.o
 .debug_frame   0x000000b0      0x158 ./drivers/delay.o
 .debug_frame   0x00000208       0x50 ./drivers/dht22.o
 .debug_frame   0x00000258       0xa4 ./drivers/fifo_rs232.o
 .debug_frame   0x000002fc       0x54 ./drivers/gpio.o
 .debug_frame   0x00000350      0x120 ./drivers/rs232.o
 .debug_frame   0x00000470      0x1f0 ./drivers/segmentlcd.o
 .debug_frame   0x00000660       0xa0 ./drivers/ws2813_led.o
 .debug_frame   0x00000700      0x2a0 ./emlib/src/em_cmu.o
 .debug_frame   0x000009a0      0x1f8 ./emlib/src/em_dma.o
 .debug_frame   0x00000b98       0x90 ./emlib/src/em_gpio.o
 .debug_frame   0x00000c28      0x1a8 ./emlib/src/em_lcd.o
 .debug_frame   0x00000dd0       0xa8 ./emlib/src/em_timer.o
 .debug_frame   0x00000e78      0x1e4 ./emlib/src/em_usart.o
 .debug_frame   0x0000105c       0xe4 ./src/main.o
 .debug_frame   0x00001140       0x28 c:/siliconlabs/simplicitystudio/v4/developer/toolchains/gnu_arm/4.9_2015q3/bin/../lib/gcc/arm-none-eabi/4.9.3/armv7e-m/softfp\libgcc.a(_aeabi_uldivmod.o)
 .debug_frame   0x00001168       0x50 c:/siliconlabs/simplicitystudio/v4/developer/toolchains/gnu_arm/4.9_2015q3/bin/../lib/gcc/arm-none-eabi/4.9.3/armv7e-m/softfp\libgcc.a(bpabi.o)
 .debug_frame   0x000011b8       0x34 c:/siliconlabs/simplicitystudio/v4/developer/toolchains/gnu_arm/4.9_2015q3/bin/../lib/gcc/arm-none-eabi/4.9.3/armv7e-m/softfp\libgcc.a(_divdi3.o)
 .debug_frame   0x000011ec       0x30 c:/siliconlabs/simplicitystudio/v4/developer/toolchains/gnu_arm/4.9_2015q3/bin/../lib/gcc/arm-none-eabi/4.9.3/armv7e-m/softfp\libgcc.a(_udivdi3.o)
 .debug_frame   0x0000121c       0x28 c:/siliconlabs/simplicitystudio/v4/developer/toolchains/gnu_arm/4.9_2015q3/bin/../lib/gcc/arm-none-eabi/4.9.3/../../../../arm-none-eabi/lib/armv7e-m/softfp\libc_nano.a(lib_a-exit.o)
 .debug_frame   0x00001244       0x2c c:/siliconlabs/simplicitystudio/v4/developer/toolchains/gnu_arm/4.9_2015q3/bin/../lib/gcc/arm-none-eabi/4.9.3/../../../../arm-none-eabi/lib/armv7e-m/softfp\libc_nano.a(lib_a-init.o)
 .debug_frame   0x00001270       0x20 c:/siliconlabs/simplicitystudio/v4/developer/toolchains/gnu_arm/4.9_2015q3/bin/../lib/gcc/arm-none-eabi/4.9.3/../../../../arm-none-eabi/lib/armv7e-m/softfp\libc_nano.a(lib_a-memset.o)
 .debug_frame   0x00001290       0x20 c:/siliconlabs/simplicitystudio/v4/developer/toolchains/gnu_arm/4.9_2015q3/bin/../lib/gcc/arm-none-eabi/4.9.3/../../../../arm-none-eabi/lib/armv7e-m/softfp\libc_nano.a(lib_a-strlen.o)
 .debug_frame   0x000012b0       0x20 c:/siliconlabs/simplicitystudio/v4/developer/toolchains/gnu_arm/4.9_2015q3/bin/../lib/gcc/arm-none-eabi/4.9.3/../../../../arm-none-eabi/lib/armv7e-m/softfp\libnosys.a(_exit.o)
